MPLINK 4.35, Linker
Linker Map File - Created Mon May 29 07:10:20 2017

                                 Section Info
                  Section       Type    Address   Location Size(Bytes)
                ---------  ---------  ---------  ---------  ---------
                   .org_0       code   0x000000    program   0x000000
                   .org_1       code   0x000000    program   0x00004c
.config_2007_PROVA LAB AC II .O       code   0x002007    program   0x000002



                              Program Memory Usage 
                               Start         End      
                           ---------   ---------      
                            0x000000    0x000025      
                            0x002007    0x002007      
            39 out of 2183 program addresses used, program memory utilization is 1%



                              Symbols - Sorted by Name
                     Name    Address   Location    Storage File                     
                ---------  ---------  ---------  --------- ---------                
                   ATRASO   0x00000e    program     static E:\PUCMG\3º Período\AC II\Prova  LAB AC II\Prova LAB AC II .asm
                  ATRASO1   0x000013    program     static E:\PUCMG\3º Período\AC II\Prova  LAB AC II\Prova LAB AC II .asm
                  ATRASO2   0x00001a    program     static E:\PUCMG\3º Período\AC II\Prova  LAB AC II\Prova LAB AC II .asm
                  ATRASO3   0x000023    program     static E:\PUCMG\3º Período\AC II\Prova  LAB AC II\Prova LAB AC II .asm
                     FOR1   0x000018    program     static E:\PUCMG\3º Período\AC II\Prova  LAB AC II\Prova LAB AC II .asm
                     FOR2   0x000021    program     static E:\PUCMG\3º Período\AC II\Prova  LAB AC II\Prova LAB AC II .asm
                   INICIO   0x000001    program     static E:\PUCMG\3º Período\AC II\Prova  LAB AC II\Prova LAB AC II .asm
                     LOOP   0x00000b    program     static E:\PUCMG\3º Período\AC II\Prova  LAB AC II\Prova LAB AC II .asm
                   REPETE   0x000006    program     static E:\PUCMG\3º Período\AC II\Prova  LAB AC II\Prova LAB AC II .asm



                              Symbols - Sorted by Address
                     Name    Address   Location    Storage File                     
                ---------  ---------  ---------  --------- ---------                
                   INICIO   0x000001    program     static E:\PUCMG\3º Período\AC II\Prova  LAB AC II\Prova LAB AC II .asm
                   REPETE   0x000006    program     static E:\PUCMG\3º Período\AC II\Prova  LAB AC II\Prova LAB AC II .asm
                     LOOP   0x00000b    program     static E:\PUCMG\3º Período\AC II\Prova  LAB AC II\Prova LAB AC II .asm
                   ATRASO   0x00000e    program     static E:\PUCMG\3º Período\AC II\Prova  LAB AC II\Prova LAB AC II .asm
                  ATRASO1   0x000013    program     static E:\PUCMG\3º Período\AC II\Prova  LAB AC II\Prova LAB AC II .asm
                     FOR1   0x000018    program     static E:\PUCMG\3º Período\AC II\Prova  LAB AC II\Prova LAB AC II .asm
                  ATRASO2   0x00001a    program     static E:\PUCMG\3º Período\AC II\Prova  LAB AC II\Prova LAB AC II .asm
                     FOR2   0x000021    program     static E:\PUCMG\3º Período\AC II\Prova  LAB AC II\Prova LAB AC II .asm
                  ATRASO3   0x000023    program     static E:\PUCMG\3º Período\AC II\Prova  LAB AC II\Prova LAB AC II .asm


